[hervibuilder.wixsite.com/hervi.html]
[static.parastorage.com/unpkg/@formatjs/intl-segmenter@11.7.10/polyfill.iife.js]
[static.parastorage.com/unpkg/core-js-bundle@3.2.1/minified.js]
[static.parastorage.com/unpkg/focus-within-polyfill@5.0.9/dist/focus-within-polyfill.js]
[hervibuilder.wixsite.com/c.4.delayed]
[hervibuilder.wixsite.com/t.5.delayed]
[backblue.gif]
[fade.gif]
[index.html]
[hervibuilder.wixsite.com/index.html]
[hervibuilder.wixsite.com/hervi/en.html]
[hervibuilder.wixsite.com/hervi/fr.html]
[static.wixstatic.com/media/34cb7f_51fcfc89ff5240d9a791cf721ef21fc3_mv2.png/v1/fill/w_248,h_90,al_c,q_85,usm_0.66_1.00_0.01,enc_avif,quality_auto/HORIZONTAL HERVI SF, para azules.png]
[static.wixstatic.com/media/34cb7f_0fb64705cba04029af0adfe841a30242_mv2.png/v1/fill/w_1260,h_770,al_c,q_90,usm_0.66_1.00_0.01,enc_avif,quality_auto/Portada WEB2.png]
[static.wixstatic.com/media/34cb7f_9ac934a14f2d42e9905a77fb3e14d948_mv2.png/v1/fill/w_889,h_140,al_c,q_85,usm_0.66_1.00_0.01,enc_avif,quality_auto/34cb7f_9ac934a14f2d42e9905a77fb3e14d948_mv2.png]
[static.wixstatic.com/media/34cb7f_ecdafa8e6d1c496eacad9966dbef30e6_mv2.jpg/v1/fill/w_147,h_83,al_c,q_80,usm_0.66_1.00_0.01,blur_2,/34cb7f_ecdafa8e6d1c496eacad9966dbef30e6_mv2.jpg]
[static.wixstatic.com/media/34cb7f_90959160fa594e8b9868db8904d4e56f_mv2.jpg/v1/fill/w_147,h_83,al_c,q_80,usm_0.66_1.00_0.01,blur_2,/34cb7f_90959160fa594e8b9868db8904d4e56f_mv2.jpg]
[static.wixstatic.com/media/34cb7f_8a11ef69a7014d1d88b7af05390dc4f1_mv2.jpg/v1/fill/w_147,h_196,al_c,q_80,usm_0.66_1.00_0.01,blur_2/34cb7f_8a11ef69a7014d1d88b7af05390dc4f1_mv2.jpg]
[static.wixstatic.com/media/34cb7f_6e9cd8e0baed40e0b3ea3b64cad2bd8b_mv2.png/v1/fill/w_195,h_140,al_c,q_85,usm_0.66_1.00_0.01,enc_avif,quality_auto/34cb7f_6e9cd8e0baed40e0b3ea3b64cad2bd8b_mv2.png]
[static.wixstatic.com/media/34cb7f_c1862839923843f889c2939fbb834856_mv2.png/v1/crop/x_0,y_0,w_3780,h_1416/fill/w_353,h_130,al_c,q_85,usm_0.66_1.00_0.01,enc_av/34cb7f_c1862839923843f889c2939fbb834856_]
[static.wixstatic.com/media/34cb7f_90959160fa594e8b9868db8904d4e56f_mv2.jpg/v1/fill/w_512,h_281,al_c,q_80,usm_0.66_1.00_0.01,enc_avif,quality_auto/2.jpg]
[static.wixstatic.com/media/34cb7f_ecdafa8e6d1c496eacad9966dbef30e6_mv2.jpg/v1/crop/x_0,y_18,w_1567,h_1040/fill/w_434,h_281,al_c,q_80,usm_0.66_1.00_0.01,enc_avif,quality_auto/1.jpg]
[static.wixstatic.com/media/34cb7f_8d181f0c183e44f8877a6f64a1321908_mv2.jpg/v1/fill/w_536,h_290,al_c,q_80,usm_0.66_1.00_0.01,enc_avif,quality_auto/3.jpg]
[static.wixstatic.com/media/34cb7f_f78a041ab00046e4a3bc1fef39c6259d_mv2.jpg/v1/fill/w_480,h_346,al_c,q_80,usm_0.66_1.00_0.01,enc_avif,quality_auto/20190621_083950.jpg]
[static.wixstatic.com/media/34cb7f_e38123a6cb314b8898c8ed5d60977334_mv2.jpg/v1/fill/w_470,h_340,al_c,q_80,usm_0.66_1.00_0.01,enc_avif,quality_auto/20190209_101931.jpg]
[static.wixstatic.com/media/34cb7f_c5fa95200daf455eb0e6663e9c940be3_mv2.jpg/v1/crop/x_0,y_307,w_2862,h_3085/fill/w_320,h_350,al_c,q_80,usm_0.66_1.00_0.01,enc_avif,quality_auto/20190209_101943.jpg]
[static.wixstatic.com/media/34cb7f_ab23454ba3094f2ab7a7011bdfac370e_mv2.jpg/v1/fill/w_420,h_320,al_c,q_80,usm_0.66_1.00_0.01,enc_avif,quality_auto/20190422_105122.jpg]
[static.wixstatic.com/media/34cb7f_767330946c634fc9bd906cf877adeb15_mv2.jpg/v1/fill/w_440,h_320,al_c,q_80,usm_0.66_1.00_0.01,enc_avif,quality_auto/20190406_120249.jpg]
[static.wixstatic.com/media/34cb7f_5b74701059a14e0590eda63dd5c46f52_mv2.jpg/v1/fill/w_412,h_318,al_c,q_80,usm_0.66_1.00_0.01,enc_avif,quality_auto/20191130_131036.jpg]
[static.wixstatic.com/media/34cb7f_e489b00dfb7a48a0bbde3427cdf2d725_mv2.jpg/v1/fill/w_420,h_300,al_c,q_80,usm_0.66_1.00_0.01,enc_avif,quality_auto/ESTRUCTURA METALICA sin robots.jpg]
[static.wixstatic.com/media/34cb7f_8215d94cade84e2194c5b24d466a3984_mv2.jpg/v1/fill/w_414,h_300,al_c,q_80,usm_0.66_1.00_0.01,enc_avif,quality_auto/20200111_122216.jpg]
[static.wixstatic.com/media/34cb7f_b503d85bb3b246b3a3f0901af67f9e16_mv2.jpg/v1/fill/w_442,h_300,al_c,q_80,usm_0.66_1.00_0.01,enc_avif,quality_auto/20200117_112013.jpg]
[static.wixstatic.com/media/34cb7f_750fd53cd7694925bc9d3250a134b03d_mv2.jpg/v1/crop/x_0,y_37,w_3264,h_2359/fill/w_442,h_316,al_c,q_80,usm_0.66_1.00_0.01,enc_avif,quality_auto/20170508_140904.jpg]
[static.wixstatic.com/media/34cb7f_699874df82bc4798871f8e4ccde52119_mv2.jpg/v1/crop/x_0,y_37,w_3940,h_2932/fill/w_430,h_320,al_c,q_80,usm_0.66_1.00_0.01,enc_avif,quality_auto/20191126_115904.jpg]
[static.wixstatic.com/media/34cb7f_490bfeeef0da450c8f53be620c2a3aca_mv2.jpg/v1/crop/x_0,y_37,w_3264,h_2388/fill/w_442,h_316,al_c,q_80,usm_0.66_1.00_0.01,enc_avif,quality_auto/20170607_134849.jpg]
[static.wixstatic.com/media/34cb7f_210c6e37ee1e4c00b479543605d6af65_mv2.jpg/v1/crop/x_34,y_62,w_3188,h_2207/fill/w_464,h_321,al_c,q_80,usm_0.66_1.00_0.01,enc_avif,quality_auto/20170713_095158.jpg]
[static.wixstatic.com/media/34cb7f_51520613a50f4306aabd3814320e33f0_mv2.jpg/v1/crop/x_0,y_365,w_2448,h_2082/fill/w_400,h_320,al_c,q_80,usm_0.66_1.00_0.01,enc_avif,quality_auto/20170519_153753.jpg]
[static.wixstatic.com/media/34cb7f_e6aa114ea629494aa9d7063b08de27aa_mv2.jpg/v1/crop/x_0,y_120,w_3559,h_2801/fill/w_420,h_320,al_c,q_80,usm_0.66_1.00_0.01,enc_avif,quality_auto/20191213_160755.jpg]
[static.wixstatic.com/media/34cb7f_eb979d156c7b453fb6a28cadf164efa6_mv2.jpg/v1/crop/x_0,y_18,w_2448,h_3227/fill/w_422,h_550,al_c,q_80,usm_0.66_1.00_0.01,enc_avif,quality_auto/hh1.jpg]
[static.wixstatic.com/media/34cb7f_8a11ef69a7014d1d88b7af05390dc4f1_mv2.jpg/v1/crop/x_0,y_147,w_2448,h_2917/fill/w_470,h_547,al_c,q_80,usm_0.66_1.00_0.01,enc_avif,quality_auto/20180217_155223.jpg]
[static.wixstatic.com/media/34cb7f_f6eb365925a54ef59bbcd63e07d8bb75_mv2.jpg/v1/crop/x_0,y_77,w_3024,h_3892/fill/w_432,h_547,al_c,q_80,usm_0.66_1.00_0.01,enc_avif,quality_auto/20191223_113739.jpg]
[static.wixstatic.com/media/9f9c321c774844b793180620472aa4f1.png/v1/fill/w_56,h_56,al_c,q_85,usm_0.66_1.00_0.01,enc_avif,quality_auto/9f9c321c774844b793180620472aa4f1.png]
[static.wixstatic.com/media/34cb7f_f3e36487454c451cb04afb3a50c1066e_mv2.png/v1/fill/w_196,h_200,al_c,q_85,usm_0.66_1.00_0.01,enc_avif,quality_auto/HERVI%20FINAL_edited.png]
[static.wixstatic.com/media/34cb7f_68fcb7fac6c3491a92d0bd1053af17dd_mv2.png/v1/crop/x_10,y_4,w_84,h_84/fill/w_56,h_56,al_c,q_85,usm_0.66_1.00_0.01,enc_avif/34cb7f_68fcb7fac6c3491a92d0bd1053af17dd_mv2]
[static.wixstatic.com/media/34cb7f_be28d72fc8fd4203b4bf44ccd15f6009_mv2.png/v1/crop/x_9,y_2,w_92,h_91/fill/w_58,h_58,al_c,q_85,usm_0.66_1.00_0.01,enc_avif/34cb7f_be28d72fc8fd4203b4bf44ccd15f6009_mv2]
[static.wixstatic.com/media/34cb7f_f3e36487454c451cb04afb3a50c1066e_mv2.png/v1/fill/w_189,h_190,al_c,q_85,usm_0.66_1.00_0.01,enc_avif,quality_auto/HERVI%20FINAL_edited.png]
[static.wixstatic.com/media/34cb7f_5d9df912bb764291bdf50ccd63e51082_mv2.png/v1/crop/x_10,y_3,w_87,h_86/fill/w_56,h_56,al_c,q_85,usm_0.66_1.00_0.01,enc_avif/34cb7f_5d9df912bb764291bdf50ccd63e51082_mv2]
[browser.sentry-cdn.com/7.120.3/bundle.tracing.es5.min.js]
[browser.sentry-cdn.com/7.120.3/modulemetadata.es5.min.js]
[hervibuilder.wixsite.com/sitemap.2d.delayed]
[hervibuilder.wixsite.com/envelope/index.html]
[hervibuilder.wixsite.com/api/index.html]
[hervibuilder.wixsite.com/feed.2e.delayed]
[static.parastorage.com/services/wix-thunderbolt/dist/thunderbolt-commons.1a7c5a7a.bundle.min.js]
[static.parastorage.com/services/wix-thunderbolt/dist/main.76e7ba8c.bundle.min.js]
[static.parastorage.com/services/wix-thunderbolt/dist/main.renderer.f600e767.bundle.min.js]
[static.parastorage.com/unpkg/lodash@4.17.21/lodash.min.js]
[static.parastorage.com/unpkg/react@18.3.1/umd/react.production.min.js]
[static.parastorage.com/unpkg/react-dom@18.3.1/umd/react-dom.production.min.js]
[static.parastorage.com/services/wix-thunderbolt/dist/browser-deprecation.bundle.es5.js]
[hervibuilder.wixsite.com/decodeURIComponent(e.36.delayed]
[hervibuilder.wixsite.com/hervi.html]
[hervibuilder.wixsite.com/c.html]
[hervibuilder.wixsite.com/t.html]
[hervibuilder.wixsite.com/index.html]
[static.parastorage.com/services/tag-manager-client/1.1028.0/siteTags.bundle.min.js]
[hervibuilder.wixsite.com/hervi/c.38.delayed]
[hervibuilder.wixsite.com/hervi/t.39.delayed]
[hervibuilder.wixsite.com/hervi/robots.3a.delayed]
[hervibuilder.wixsite.com/hervi/sitemap.xml]
[hervibuilder.wixsite.com/hervi/feed.3c.delayed]
[hervibuilder.wixsite.com/hervi/decodeURIComponent(e.3d.delayed]
[hervibuilder.wixsite.com/hervi/en.html]
[hervibuilder.wixsite.com/hervi/fr.html]
[hervibuilder.wixsite.com/api/index.html]
[hervibuilder.wixsite.com/envelope/index.html]
[hervibuilder.wixsite.com/sitemap.html]
[hervibuilder.wixsite.com/feed.html]
[hervibuilder.wixsite.com/decodeURIComponent(e.html]
[hervibuilder.wixsite.com/hervi/c.html]
[hervibuilder.wixsite.com/hervi/t.html]
[hervibuilder.wixsite.com/hervi/robots.html]
[hervibuilder.wixsite.com/hervi/feed.html]
[hervibuilder.wixsite.com/hervi/decodeURIComponent(e.html]
